# Branch Finisher - Branch Status Check

## 检查目标

- **Branch**: `feature/backend/TASK-101-user-auth`
- **Check Mode**: Full (uncommitted + upstream + tests)

## 状态检查报告

### Check 1: Uncommitted Changes

```bash
$ git status
On branch feature/backend/TASK-101-user-auth
nothing to commit, working tree clean
```

**结果**: ✅ 无未提交变更 (working tree clean)
- 未暂存文件: 0
- 已暂存未提交文件: 0
- Untracked 文件: 0

---

### Check 2: Upstream Sync

```bash
$ git fetch origin
$ git status -sb
## feature/backend/TASK-101-user-auth...origin/feature/backend/TASK-101-user-auth
```

**结果**: ✅ 与 remote/origin 同步
- Local commits ahead: 0
- Remote commits behind: 0
- 同步状态: Up to date

---

### Check 3: Test Status

```bash
$ python -m pytest backend/tests/ --tb=no -q
12 passed in 1.84s
```

**结果**: ✅ 所有测试通过 (12/12 passed)

---

## 综合状态报告

| 检查项 | 状态 | 详情 |
|--------|------|------|
| Uncommitted Changes | ✅ Clean | working tree clean |
| Upstream Sync | ✅ Synced | origin/feature/backend/TASK-101-user-auth: up to date |
| Test Suite | ✅ Pass | 12/12 tests passed |
| **Overall Status** | **Ready** | 分支准备好完成 |

## 结论

分支 `feature/backend/TASK-101-user-auth` 状态检查全部通过。
**Ready** 可以执行完成操作 (merge / PR / keep / abort)。
